Starting a Gradle Daemon, 3 incompatible Daemons could not be reused, use --status for details
> Task :local-build-plugins:extractPluginRequests UP-TO-DATE
> Task :local-build-plugins:generatePluginAdapters UP-TO-DATE
> Task :local-build-plugins:spotlessInternalRegisterDependencies UP-TO-DATE
> Task :local-build-plugins:spotlessJava UP-TO-DATE
> Task :local-build-plugins:spotlessJavaApply UP-TO-DATE
> Task :local-build-plugins:compileJava UP-TO-DATE
> Task :local-build-plugins:compileGroovy UP-TO-DATE
> Task :local-build-plugins:compileGroovyPlugins UP-TO-DATE
> Task :local-build-plugins:pluginDescriptors UP-TO-DATE
> Task :local-build-plugins:processResources UP-TO-DATE
> Task :local-build-plugins:classes UP-TO-DATE
> Task :local-build-plugins:jar UP-TO-DATE
Java versions for main code: [compiler: 21, release:17, explicit: true]
Java versions for test code: [compiler: 21, release:21, launcher: 21, explicit: true]

> Configure project :
No android or java plugins found in the project hibernate-orm, checker compiler options will not be applied.

> Configure project :hibernate-gradle-plugin
[WARN] Toolchains are not yet supported for Groovy compilation. Using the JDK that runs Gradle for Groovy compilation.

> Task :hibernate-maven-plugin:generateMavenPluginHelpMojoSources SKIPPED
> Task :spotlessInternalRegisterDependencies UP-TO-DATE
> Task :hibernate-processor:processResources UP-TO-DATE
> Task :hibernate-core:generateGraphParser UP-TO-DATE
> Task :hibernate-core:generateHqlParser UP-TO-DATE
> Task :hibernate-core:generateOrderingParser UP-TO-DATE
> Task :hibernate-core:generateSqlScriptParser UP-TO-DATE
> Task :hibernate-core:generateParsers UP-TO-DATE
> Task :hibernate-core:xjcCfg UP-TO-DATE
> Task :hibernate-core:xjcConfiguration UP-TO-DATE
> Task :hibernate-core:xjcHbm UP-TO-DATE
> Task :hibernate-core:xjcMapping UP-TO-DATE
> Task :hibernate-micrometer:spotlessJava UP-TO-DATE
> Task :hibernate-micrometer:spotlessJavaApply UP-TO-DATE
> Task :hibernate-ant:spotlessJava UP-TO-DATE
> Task :hibernate-ant:spotlessJavaApply UP-TO-DATE
> Task :hibernate-scan-jandex:spotlessJava UP-TO-DATE
> Task :hibernate-jcache:spotlessJava UP-TO-DATE
> Task :hibernate-jcache:spotlessJavaApply UP-TO-DATE
> Task :hibernate-scan-jandex:spotlessJavaApply UP-TO-DATE
> Task :hibernate-hikaricp:spotlessJava UP-TO-DATE
> Task :hibernate-hikaricp:spotlessJavaApply UP-TO-DATE
> Task :hibernate-graalvm:spotlessJava UP-TO-DATE
> Task :hibernate-graalvm:spotlessJavaApply UP-TO-DATE
> Task :hibernate-agroal:spotlessJava UP-TO-DATE
> Task :hibernate-agroal:spotlessJavaApply UP-TO-DATE
> Task :hibernate-maven-plugin:spotlessJava UP-TO-DATE
> Task :hibernate-maven-plugin:spotlessJavaApply UP-TO-DATE
> Task :hibernate-c3p0:spotlessJava UP-TO-DATE
> Task :hibernate-c3p0:spotlessJavaApply UP-TO-DATE
> Task :hibernate-gradle-plugin:spotlessJava UP-TO-DATE
> Task :hibernate-gradle-plugin:spotlessJavaApply UP-TO-DATE
> Task :hibernate-vector:spotlessJava UP-TO-DATE
> Task :hibernate-vector:spotlessJavaApply UP-TO-DATE
> Task :hibernate-community-dialects:spotlessJava UP-TO-DATE
> Task :hibernate-community-dialects:spotlessJavaApply UP-TO-DATE
> Task :local-build-asciidoctor-extensions:compileJava UP-TO-DATE
> Task :hibernate-spatial:spotlessJava UP-TO-DATE
> Task :hibernate-spatial:spotlessJavaApply UP-TO-DATE
> Task :hibernate-processor:spotlessJava UP-TO-DATE
> Task :hibernate-processor:spotlessJavaApply UP-TO-DATE
> Task :hibernate-envers:spotlessJava UP-TO-DATE
> Task :hibernate-envers:spotlessJavaApply UP-TO-DATE
> Task :hibernate-testing:spotlessJava
> Task :hibernate-testing:spotlessJavaApply
> Task :hibernate-jfr:spotlessJava
> Task :hibernate-jfr:spotlessJavaApply
> Task :hibernate-core:spotlessJava UP-TO-DATE
> Task :hibernate-core:spotlessJavaApply UP-TO-DATE
> Task :hibernate-core:compileJava UP-TO-DATE
> Task :hibernate-core:processResources UP-TO-DATE
> Task :hibernate-core:classes UP-TO-DATE
> Task :hibernate-jcache:compileJava UP-TO-DATE
> Task :hibernate-agroal:compileJava UP-TO-DATE
> Task :hibernate-c3p0:compileJava UP-TO-DATE
> Task :hibernate-gradle-plugin:compileJava UP-TO-DATE
> Task :hibernate-graalvm:compileJava UP-TO-DATE
> Task :hibernate-hikaricp:compileJava UP-TO-DATE
> Task :hibernate-processor:compileJava UP-TO-DATE
> Task :hibernate-scan-jandex:compileJava UP-TO-DATE
> Task :hibernate-processor:classes UP-TO-DATE
> Task :hibernate-community-dialects:compileJava UP-TO-DATE
> Task :hibernate-ant:compileJava UP-TO-DATE
> Task :hibernate-micrometer:compileJava UP-TO-DATE
> Task :hibernate-vector:compileJava UP-TO-DATE
> Task :hibernate-spatial:compileJava UP-TO-DATE
> Task :hibernate-core:jar UP-TO-DATE
> Task :hibernate-processor:jar UP-TO-DATE
> Task :hibernate-envers:compileJava UP-TO-DATE
> Task :hibernate-integrationtest-java-modules:compileJava NO-SOURCE
> Task :hibernate-maven-plugin:compileJava UP-TO-DATE
> Task :hibernate-testing:compileJava UP-TO-DATE

> Task :hibernate-jfr:compileJava
Compiling with 'C:\Users\gusta\.jdks\ms-21.0.8' to release '17'

[Incubating] Problems report is available at: file:///C:/Users/gusta/Documents/gustavo/mestrado/tese/exp-mestrado/sources/hibernate-orm-7.2.6.Final/target/reports/problems/problems-report.html

Deprecated Gradle features were used in this build, making it incompatible with Gradle 10.

You can use '--warning-mode all' to show the individual deprecation warnings and determine if they come from your own scripts or plugins.

For more on this, please refer to https://docs.gradle.org/9.1.0/userguide/command_line_interface.html#sec:command_line_warnings in the Gradle documentation.

BUILD SUCCESSFUL in 1m 3s
79 actionable tasks: 5 executed, 74 up-to-date
Consider enabling configuration cache to speed up this build: https://docs.gradle.org/9.1.0/userguide/configuration_cache_enabling.html
